2026-02-08 03:20:33,343  INFO      watheq.api  Ensured database 'watheq_db' exists
2026-02-08 03:20:33,345  INFO      databases  Connected to database mysql+aiomysql://root:@127.0.0.1/watheq_db
2026-02-08 03:21:47,526  WARNING   tensorflow  From C:\Users\Abobakr_Mahdi\Desktop\watheq\.venv\Lib\site-packages\tf_keras\src\losses.py:2976: The name tf.losses.sparse_softmax_cross_entropy is deprecated. Please use tf.compat.v1.losses.sparse_softmax_cross_entropy instead.

2026-02-08 04:27:02,331  INFO      watheq.api  Ensured database 'watheq_db' exists
2026-02-08 04:27:02,333  INFO      databases  Connected to database mysql+aiomysql://root:@127.0.0.1/watheq_db
2026-02-08 04:27:12,623  INFO      watheq.notifications  Admin 1 subscribed (connections: 1)
2026-02-08 04:28:33,435  WARNING   tensorflow  From C:\Users\Abobakr_Mahdi\Desktop\watheq\.venv\Lib\site-packages\tf_keras\src\losses.py:2976: The name tf.losses.sparse_softmax_cross_entropy is deprecated. Please use tf.compat.v1.losses.sparse_softmax_cross_entropy instead.

2026-02-08 04:28:45,189  INFO      infrastructure.ipfs_service  Connected to IPFS. Version=0.39.0
2026-02-08 04:28:45,242  INFO      infrastructure.ipfs_service  File pinned. path=C:\Users\Abobakr_Mahdi\Desktop\watheq\storage\verifications\15\document_rectified.jpg, cid=QmQvTABwsy8BJjs2RjtGVjp37FCb7ZnU1tsbCTCYPtDw6p
2026-02-08 04:30:29,676  INFO      watheq.notifications  Admin 1 subscribed (connections: 2)
2026-02-08 04:40:29,448  INFO      watheq.notifications  Admin 1 subscribed (connections: 3)
2026-02-08 04:40:43,567  INFO      watheq.notifications  Admin 1 subscribed (connections: 4)
2026-02-08 04:41:09,223  INFO      watheq.notifications  Admin 1 subscribed (connections: 5)
2026-02-08 04:41:14,936  INFO      watheq.notifications  Admin 1 subscribed (connections: 6)
2026-02-08 04:41:57,259  INFO      watheq.notifications  Admin 1 subscribed (connections: 7)
2026-02-08 04:44:57,497  INFO      watheq.api  Ensured database 'watheq_db' exists
2026-02-08 04:44:57,498  INFO      databases  Connected to database mysql+aiomysql://root:@127.0.0.1/watheq_db
2026-02-08 04:52:38,308  INFO      watheq.notifications  Admin 1 subscribed (connections: 1)
2026-02-08 04:53:26,663  WARNING   tensorflow  From C:\Users\Abobakr_Mahdi\Desktop\watheq\.venv\Lib\site-packages\tf_keras\src\losses.py:2976: The name tf.losses.sparse_softmax_cross_entropy is deprecated. Please use tf.compat.v1.losses.sparse_softmax_cross_entropy instead.

2026-02-08 05:13:28,482  INFO      watheq.api  Ensured database 'watheq_db' exists
2026-02-08 05:13:28,484  INFO      databases  Connected to database mysql+aiomysql://root:@127.0.0.1/watheq_db
